// Jest Snapshot v1, https://goo.gl/fbAQLP

exports[`<Login /> should render itself 1`] = `
.c0 {
  width: 100%;
  max-width: 600px;
  display: -webkit-box;
  display: -webkit-flex;
  display: -ms-flexbox;
  display: flex;
  -webkit-flex-direction: column;
  -ms-flex-direction: column;
  flex-direction: column;
  margin: auto;
}

<div
  className="c0"
>
  <styled.h1>
    <FormattedMessage
      defaultMessage="Sign in"
      id="login.title"
      values={Object {}}
    />
  </styled.h1>
  <styled.form
    noValidate={true}
    onSubmit={[Function]}
  >
    <Field
      component={[Function]}
      intl={
        Object {
          "formatMessage": [Function],
        }
      }
      label={
        Object {
          "defaultMessage": "Email",
          "id": "login.fields.email.label",
        }
      }
      messages={
        Object {
          "emailFormatError": Object {
            "defaultMessage": "Email is invalid",
            "id": "login.fields.email.error.email",
          },
          "emailLabel": Object {
            "defaultMessage": "Email",
            "id": "login.fields.email.label",
          },
          "emailPresenceError": Object {
            "defaultMessage": "Email cannot be blank",
            "id": "login.fields.email.error.presence",
          },
          "passwordLabel": Object {
            "defaultMessage": "Password",
            "id": "login.fields.password.label",
          },
          "passwordPresenceError": Object {
            "defaultMessage": "Password cannot be blank",
            "id": "login.fields.password.error.presence",
          },
          "passwordWrongError": Object {
            "defaultMessage": "Unable to log in with provided credentials",
            "id": "login.fields.password.error.wrong",
          },
          "recoverPassword": Object {
            "defaultMessage": "Forgotten your password?",
            "id": "login.recoverPassword",
          },
          "signUp": Object {
            "defaultMessage": "Register",
            "id": "login.signUp",
          },
          "submit": Object {
            "defaultMessage": "Sign in",
            "id": "login.submit",
          },
          "title": Object {
            "defaultMessage": "Sign in",
            "id": "login.title",
          },
        }
      }
      name="email"
      type="email"
    />
    <Field
      component={[Function]}
      intl={
        Object {
          "formatMessage": [Function],
        }
      }
      label={
        Object {
          "defaultMessage": "Password",
          "id": "login.fields.password.label",
        }
      }
      messages={
        Object {
          "emailFormatError": Object {
            "defaultMessage": "Email is invalid",
            "id": "login.fields.email.error.email",
          },
          "emailLabel": Object {
            "defaultMessage": "Email",
            "id": "login.fields.email.label",
          },
          "emailPresenceError": Object {
            "defaultMessage": "Email cannot be blank",
            "id": "login.fields.email.error.presence",
          },
          "passwordLabel": Object {
            "defaultMessage": "Password",
            "id": "login.fields.password.label",
          },
          "passwordPresenceError": Object {
            "defaultMessage": "Password cannot be blank",
            "id": "login.fields.password.error.presence",
          },
          "passwordWrongError": Object {
            "defaultMessage": "Unable to log in with provided credentials",
            "id": "login.fields.password.error.wrong",
          },
          "recoverPassword": Object {
            "defaultMessage": "Forgotten your password?",
            "id": "login.recoverPassword",
          },
          "signUp": Object {
            "defaultMessage": "Register",
            "id": "login.signUp",
          },
          "submit": Object {
            "defaultMessage": "Sign in",
            "id": "login.submit",
          },
          "title": Object {
            "defaultMessage": "Sign in",
            "id": "login.title",
          },
        }
      }
      name="password"
      type="password"
    />
    <styled.div>
      <button
        type="submit"
      >
        <FormattedMessage
          defaultMessage="Sign in"
          id="login.submit"
          values={Object {}}
        />
      </button>
      <Link
        replace={false}
        to="/undefined/recover-password"
      >
        <FormattedMessage
          defaultMessage="Forgotten your password?"
          id="login.recoverPassword"
          values={Object {}}
        />
      </Link>
      <Link
        replace={false}
        to="/undefined/register"
      >
        <FormattedMessage
          defaultMessage="Register"
          id="login.signUp"
          values={Object {}}
        />
      </Link>
    </styled.div>
  </styled.form>
</div>
`;
