// Jest Snapshot v1, https://goo.gl/fbAQLP

exports[`<ResetPassword /> should render itself 1`] = `
.c0 {
  width: 100%;
  max-width: 600px;
  display: -webkit-box;
  display: -webkit-flex;
  display: -ms-flexbox;
  display: flex;
  -webkit-flex-direction: column;
  -ms-flex-direction: column;
  flex-direction: column;
  margin: auto;
}

<div
  className="c0"
>
  <styled.h1>
    <FormattedMessage
      defaultMessage="Reset Password"
      id="resetPassword.title"
      values={Object {}}
    />
  </styled.h1>
  <styled.form
    noValidate={true}
    onSubmit={[Function]}
  >
    <Field
      component={[Function]}
      intl={
        Object {
          "formatMessage": [Function],
        }
      }
      label={
        Object {
          "defaultMessage": "Password",
          "id": "resetPassword.fields.password.label",
        }
      }
      messages={
        Object {
          "cancel": Object {
            "defaultMessage": "Cancel",
            "id": "resetPassword.back",
          },
          "passwordIsTooSimilarToUsernameError": Object {
            "defaultMessage": "This password is too similar to your username. Please, pick a different password.",
            "id": "resetPassword.fields.password.error.tooSimilar",
          },
          "passwordLabel": Object {
            "defaultMessage": "Password",
            "id": "resetPassword.fields.password.label",
          },
          "passwordLengthTooLongError": Object {
            "defaultMessage": "Password should be no longer than 32 characters",
            "id": "resetPassword.fields.password.error.lengthTooLong",
          },
          "passwordLengthTooShortError": Object {
            "defaultMessage": "Password should have at least 8 characters",
            "id": "resetPassword.fields.password.error.lengthTooShort",
          },
          "passwordPresenceError": Object {
            "defaultMessage": "Password cannot be blank",
            "id": "resetPassword.fields.password.error.presence",
          },
          "passwordTooCommonError": Object {
            "defaultMessage": "Password has been found in a common passwords database. Please, choose a different one.",
            "id": "resetPassword.fields.password.error.tooCommon",
          },
          "submit": Object {
            "defaultMessage": "Reset Password",
            "id": "resetPassword.submit",
          },
          "title": Object {
            "defaultMessage": "Reset Password",
            "id": "resetPassword.title",
          },
        }
      }
      name="password"
      type="password"
    />
    <styled.div>
      <button
        type="submit"
      >
        <FormattedMessage
          defaultMessage="Reset Password"
          id="resetPassword.submit"
          values={Object {}}
        />
      </button>
    </styled.div>
  </styled.form>
</div>
`;
