// Jest Snapshot v1, https://goo.gl/fbAQLP

exports[`<RecoverPassword /> should render form 1`] = `
<styled.div>
  <styled.h1>
    <FormattedMessage
      defaultMessage="Reset password"
      id="recoverPassword.title"
      values={Object {}}
    />
  </styled.h1>
  <styled.div>
    <styled.form
      noValidate={true}
      onSubmit={[Function]}
    >
      <Field
        component={[Function]}
        intl={
          Object {
            "formatMessage": [Function],
          }
        }
        label={
          Object {
            "defaultMessage": "Email",
            "id": "recoverPassword.fields.email.label",
          }
        }
        messages={
          Object {
            "emailFormatError": Object {
              "defaultMessage": "Email is not valid",
              "id": "recoverPassword.fields.email.error.format",
            },
            "emailLabel": Object {
              "defaultMessage": "Email",
              "id": "recoverPassword.fields.email.label",
            },
            "emailMaxLengthError": Object {
              "defaultMessage": "Email shouldn't be longer than 255 characters",
              "id": "recoverPassword.fields.email.error.maxLength",
            },
            "emailPresenceError": Object {
              "defaultMessage": "Email cannot be blank",
              "id": "recoverPassword.fields.email.error.presence",
            },
            "resendEmail": Object {
              "defaultMessage": "Resend email",
              "id": "recoverPassword.resendEmail",
            },
            "sentMessage": Object {
              "defaultMessage": "Check your email to get reset password link.",
              "id": "recoverPassword.sentMessage",
            },
            "submit": Object {
              "defaultMessage": "Send",
              "id": "recoverPassword.submit",
            },
            "title": Object {
              "defaultMessage": "Reset password",
              "id": "recoverPassword.title",
            },
          }
        }
        name="email"
        type="email"
      />
      <styled.div>
        <button
          type="submit"
        >
          <FormattedMessage
            defaultMessage="Send"
            id="recoverPassword.submit"
            values={Object {}}
          />
        </button>
      </styled.div>
    </styled.form>
  </styled.div>
</styled.div>
`;

exports[`<RecoverPassword /> should render success message 1`] = `
<styled.div>
  <styled.h1>
    <FormattedMessage
      defaultMessage="Reset password"
      id="recoverPassword.title"
      values={Object {}}
    />
  </styled.h1>
  <styled.div>
    <styled.div>
      <FormattedMessage
        defaultMessage="Check your email to get reset password link."
        id="recoverPassword.sentMessage"
        values={Object {}}
      />
    </styled.div>
    <Link
      replace={false}
      to="/undefined/recover-password"
    >
      <FormattedMessage
        defaultMessage="Resend email"
        id="recoverPassword.resendEmail"
        values={Object {}}
      />
    </Link>
  </styled.div>
</styled.div>
`;
